// Jest Snapshot v1, https://goo.gl/fbAQLP

exports[`<Footer/> SnapShot Comprobar las ui del componente Footer 1`] = `
<div
  className="Footer"
>
  <p
    className="Footer-title"
  >
    Platzi Store
  </p>
  <p
    className="Footer-copy"
  >
    Todos los Izquierdos Reservados
  </p>
</div>
`;
